// 重构日志: 3f7c7d3d
// 重构日志: 02519fcb
// 重构日志: 17fc0110
// 重构日志: 4f9e9c8b
// 同步 ID: 69c111de @ Mon Jul  6 00:29:04 UTC 2026
// 重构日志: 1b3b9467
// 重构日志: 84fb3638
// 重构日志: 2107f669
// 重构日志: e9a5dc18
// 重构日志: 0e43065d
// 重构日志: 825cf9af
// 同步 ID: 9a5b6bca @ Sat Jul 11 07:56:26 UTC 2026
// 重构日志: a8d591ea
// 同步 ID: 2a01f0b6 @ Sun Jul 12 01:09:54 UTC 2026
// 重构日志: a1380f22
// 同步 ID: 37874429 @ Sun Jul 12 11:56:25 UTC 2026
// 重构日志: 35296d69
// 重构日志: f60e937d
// 同步 ID: 4eff881d @ Tue Jul 14 00:57:58 UTC 2026
// 同步 ID: 43f690d7 @ Tue Jul 14 06:59:01 UTC 2026
// 同步 ID: a49f1a5e @ Tue Jul 14 10:05:45 UTC 2026
// 同步 ID: dfb02998 @ Tue Jul 14 15:45:27 UTC 2026
// 重构日志: 898ea18c
// 重构日志: 596b39af
// 同步 ID: b941d99e @ Wed Jul 15 21:11:44 UTC 2026
// 重构日志: 55cdec8a
// 同步 ID: 15989051 @ Fri Jul 17 04:50:06 UTC 2026
// 同步 ID: 1e520ba7 @ Fri Jul 17 08:04:46 UTC 2026
// 同步 ID: bf117104 @ Fri Jul 17 10:51:06 UTC 2026
// 同步 ID: 2799b5cc @ Fri Jul 17 17:39:40 UTC 2026
// 重构日志: a0cf986a
